// Jest Snapshot v1, https://goo.gl/fbAQLP

exports[`Variables component should match the snapshot 1`] = `
<styles>
    
</styles>
`;
