// Jest Snapshot v1, https://goo.gl/fbAQLP

exports[`the home container should render correctly 1`] = `
<div>
  Hey there!
</div>
`;
